 
****************************************
Report : constraint
        -all_violators
Design : SYS_TOP
Version: K-2015.06
Date   : Mon Oct 28 22:56:02 2024
****************************************


   max_transition

                             Required        Actual
   Net                      Transition     Transition        Slack
   -----------------------------------------------------------------
   ref_rst_scan (dont_touch)     1.50          2.27          -0.77  (VIOLATED)
       PIN :   ASYNC_FIFO/R2W/synch_ptr_reg[3]/RN     1.50     2.27    -0.77 (VIOLATED)
       PIN :   ASYNC_FIFO/R2W/synch_ptr_reg[2]/RN     1.50     2.27    -0.77 (VIOLATED)
       PIN :   ASYNC_FIFO/R2W/synch_ptr_reg[1]/RN     1.50     2.27    -0.77 (VIOLATED)
       PIN :   ASYNC_FIFO/R2W/synch_ptr_reg[0]/RN     1.50     2.27    -0.77 (VIOLATED)
       PIN :   ASYNC_FIFO/R2W/meta_flop_reg[3]/RN     1.50     2.27    -0.77 (VIOLATED)
       PIN :   ASYNC_FIFO/R2W/meta_flop_reg[2]/RN     1.50     2.27    -0.77 (VIOLATED)
       PIN :   ASYNC_FIFO/R2W/meta_flop_reg[1]/RN     1.50     2.27    -0.77 (VIOLATED)
       PIN :   ASYNC_FIFO/R2W/meta_flop_reg[0]/RN     1.50     2.27    -0.77 (VIOLATED)
       PIN :   ASYNC_FIFO/FIFO_WR/waddr_intermid_reg[0]/RN     1.50     2.27    -0.77 (VIOLATED)
       PIN :   ASYNC_FIFO/FIFO_WR/waddr_intermid_reg[3]/RN     1.50     2.27    -0.77 (VIOLATED)
       PIN :   ASYNC_FIFO/FIFO_WR/waddr_intermid_reg[2]/RN     1.50     2.27    -0.77 (VIOLATED)
       PIN :   ASYNC_FIFO/FIFO_WR/waddr_intermid_reg[1]/RN     1.50     2.27    -0.77 (VIOLATED)
       PIN :   ALU/ALU_OUT_reg[9]/RN     1.50     2.27       -0.77  (VIOLATED)
       PIN :   ALU/ALU_OUT_reg[10]/RN     1.50     2.27      -0.77  (VIOLATED)
       PIN :   ALU/ALU_OUT_reg[11]/RN     1.50     2.27      -0.77  (VIOLATED)
       PIN :   ALU/ALU_OUT_reg[12]/RN     1.50     2.27      -0.77  (VIOLATED)
       PIN :   ALU/ALU_OUT_reg[13]/RN     1.50     2.27      -0.77  (VIOLATED)
       PIN :   ALU/ALU_OUT_reg[14]/RN     1.50     2.27      -0.77  (VIOLATED)
       PIN :   ALU/ALU_OUT_reg[15]/RN     1.50     2.27      -0.77  (VIOLATED)
       PIN :   ALU/OUT_VALID_reg/RN     1.50     2.27        -0.77  (VIOLATED)
       PIN :   ALU/ALU_OUT_reg[1]/RN     1.50     2.27       -0.77  (VIOLATED)
       PIN :   ALU/ALU_OUT_reg[2]/RN     1.50     2.27       -0.77  (VIOLATED)
       PIN :   ALU/ALU_OUT_reg[3]/RN     1.50     2.27       -0.77  (VIOLATED)
       PIN :   ALU/ALU_OUT_reg[4]/RN     1.50     2.27       -0.77  (VIOLATED)
       PIN :   ALU/ALU_OUT_reg[5]/RN     1.50     2.27       -0.77  (VIOLATED)
       PIN :   ALU/ALU_OUT_reg[6]/RN     1.50     2.27       -0.77  (VIOLATED)
       PIN :   ALU/ALU_OUT_reg[7]/RN     1.50     2.27       -0.77  (VIOLATED)
       PIN :   ALU/ALU_OUT_reg[8]/RN     1.50     2.27       -0.77  (VIOLATED)
       PIN :   ALU/ALU_OUT_reg[0]/RN     1.50     2.27       -0.77  (VIOLATED)
       PIN :   reg_file/regArr_reg[15][7]/RN     1.50     2.27    -0.77 (VIOLATED)
       PIN :   reg_file/regArr_reg[3][5]/SN     1.50     2.27    -0.77 (VIOLATED)
       PIN :   reg_file/regArr_reg[2][7]/SN     1.50     2.27    -0.77 (VIOLATED)
       PIN :   reg_file/regArr_reg[2][0]/SN     1.50     2.27    -0.77 (VIOLATED)
       PIN :   reg_file/regArr_reg[6][0]/RN     1.50     2.27    -0.77 (VIOLATED)
       PIN :   reg_file/regArr_reg[4][4]/RN     1.50     2.27    -0.77 (VIOLATED)
       PIN :   reg_file/regArr_reg[2][3]/RN     1.50     2.27    -0.77 (VIOLATED)
       PIN :   reg_file/regArr_reg[2][2]/RN     1.50     2.27    -0.77 (VIOLATED)
       PIN :   reg_file/regArr_reg[14][4]/RN     1.50     2.27    -0.77 (VIOLATED)
       PIN :   reg_file/regArr_reg[7][6]/RN     1.50     2.27    -0.77 (VIOLATED)
       PIN :   reg_file/regArr_reg[3][4]/RN     1.50     2.27    -0.77 (VIOLATED)
       PIN :   reg_file/regArr_reg[0][7]/RN     1.50     2.27    -0.77 (VIOLATED)
       PIN :   reg_file/regArr_reg[15][5]/RN     1.50     2.27    -0.77 (VIOLATED)
       PIN :   reg_file/regArr_reg[15][4]/RN     1.50     2.27    -0.77 (VIOLATED)
       PIN :   reg_file/regArr_reg[15][1]/RN     1.50     2.27    -0.77 (VIOLATED)
       PIN :   reg_file/regArr_reg[15][0]/RN     1.50     2.27    -0.77 (VIOLATED)
       PIN :   reg_file/regArr_reg[14][5]/RN     1.50     2.27    -0.77 (VIOLATED)
       PIN :   reg_file/regArr_reg[14][3]/RN     1.50     2.27    -0.77 (VIOLATED)
       PIN :   reg_file/regArr_reg[14][0]/RN     1.50     2.27    -0.77 (VIOLATED)
       PIN :   reg_file/regArr_reg[13][5]/RN     1.50     2.27    -0.77 (VIOLATED)
       PIN :   reg_file/regArr_reg[13][4]/RN     1.50     2.27    -0.77 (VIOLATED)
       PIN :   reg_file/regArr_reg[13][1]/RN     1.50     2.27    -0.77 (VIOLATED)
       PIN :   reg_file/regArr_reg[13][0]/RN     1.50     2.27    -0.77 (VIOLATED)
       PIN :   reg_file/regArr_reg[12][7]/RN     1.50     2.27    -0.77 (VIOLATED)
       PIN :   reg_file/regArr_reg[12][4]/RN     1.50     2.27    -0.77 (VIOLATED)
       PIN :   reg_file/regArr_reg[12][2]/RN     1.50     2.27    -0.77 (VIOLATED)
       PIN :   reg_file/regArr_reg[11][5]/RN     1.50     2.27    -0.77 (VIOLATED)
       PIN :   reg_file/regArr_reg[11][4]/RN     1.50     2.27    -0.77 (VIOLATED)
       PIN :   reg_file/regArr_reg[11][1]/RN     1.50     2.27    -0.77 (VIOLATED)
       PIN :   reg_file/regArr_reg[11][0]/RN     1.50     2.27    -0.77 (VIOLATED)
       PIN :   reg_file/regArr_reg[10][6]/RN     1.50     2.27    -0.77 (VIOLATED)
       PIN :   reg_file/regArr_reg[10][5]/RN     1.50     2.27    -0.77 (VIOLATED)
       PIN :   reg_file/regArr_reg[10][2]/RN     1.50     2.27    -0.77 (VIOLATED)
       PIN :   reg_file/regArr_reg[10][1]/RN     1.50     2.27    -0.77 (VIOLATED)
       PIN :   reg_file/regArr_reg[10][0]/RN     1.50     2.27    -0.77 (VIOLATED)
       PIN :   reg_file/regArr_reg[9][5]/RN     1.50     2.27    -0.77 (VIOLATED)
       PIN :   reg_file/regArr_reg[9][4]/RN     1.50     2.27    -0.77 (VIOLATED)
       PIN :   reg_file/regArr_reg[9][1]/RN     1.50     2.27    -0.77 (VIOLATED)
       PIN :   reg_file/regArr_reg[9][0]/RN     1.50     2.27    -0.77 (VIOLATED)
       PIN :   reg_file/regArr_reg[8][6]/RN     1.50     2.27    -0.77 (VIOLATED)
       PIN :   reg_file/regArr_reg[8][4]/RN     1.50     2.27    -0.77 (VIOLATED)
       PIN :   reg_file/regArr_reg[8][3]/RN     1.50     2.27    -0.77 (VIOLATED)
       PIN :   reg_file/regArr_reg[7][7]/RN     1.50     2.27    -0.77 (VIOLATED)
       PIN :   reg_file/regArr_reg[7][3]/RN     1.50     2.27    -0.77 (VIOLATED)
       PIN :   reg_file/regArr_reg[7][2]/RN     1.50     2.27    -0.77 (VIOLATED)
       PIN :   reg_file/regArr_reg[7][1]/RN     1.50     2.27    -0.77 (VIOLATED)
       PIN :   reg_file/regArr_reg[6][7]/RN     1.50     2.27    -0.77 (VIOLATED)
       PIN :   reg_file/regArr_reg[6][6]/RN     1.50     2.27    -0.77 (VIOLATED)
       PIN :   reg_file/regArr_reg[6][2]/RN     1.50     2.27    -0.77 (VIOLATED)
       PIN :   reg_file/regArr_reg[6][1]/RN     1.50     2.27    -0.77 (VIOLATED)
       PIN :   reg_file/regArr_reg[5][6]/RN     1.50     2.27    -0.77 (VIOLATED)
       PIN :   reg_file/regArr_reg[5][5]/RN     1.50     2.27    -0.77 (VIOLATED)
       PIN :   reg_file/regArr_reg[5][2]/RN     1.50     2.27    -0.77 (VIOLATED)
       PIN :   reg_file/regArr_reg[5][1]/RN     1.50     2.27    -0.77 (VIOLATED)
       PIN :   reg_file/regArr_reg[4][5]/RN     1.50     2.27    -0.77 (VIOLATED)
       PIN :   reg_file/regArr_reg[4][3]/RN     1.50     2.27    -0.77 (VIOLATED)
       PIN :   reg_file/regArr_reg[15][6]/RN     1.50     2.27    -0.77 (VIOLATED)
       PIN :   reg_file/regArr_reg[15][3]/RN     1.50     2.27    -0.77 (VIOLATED)
       PIN :   reg_file/regArr_reg[15][2]/RN     1.50     2.27    -0.77 (VIOLATED)
       PIN :   reg_file/regArr_reg[14][7]/RN     1.50     2.27    -0.77 (VIOLATED)
       PIN :   reg_file/regArr_reg[14][6]/RN     1.50     2.27    -0.77 (VIOLATED)
       PIN :   reg_file/regArr_reg[14][2]/RN     1.50     2.27    -0.77 (VIOLATED)
       PIN :   reg_file/regArr_reg[14][1]/RN     1.50     2.27    -0.77 (VIOLATED)
       PIN :   reg_file/regArr_reg[13][7]/RN     1.50     2.27    -0.77 (VIOLATED)
       PIN :   reg_file/regArr_reg[13][6]/RN     1.50     2.27    -0.77 (VIOLATED)
       PIN :   reg_file/regArr_reg[13][3]/RN     1.50     2.27    -0.77 (VIOLATED)
       PIN :   reg_file/regArr_reg[13][2]/RN     1.50     2.27    -0.77 (VIOLATED)
       PIN :   reg_file/regArr_reg[12][6]/RN     1.50     2.27    -0.77 (VIOLATED)
       PIN :   reg_file/regArr_reg[12][5]/RN     1.50     2.27    -0.77 (VIOLATED)
       PIN :   reg_file/regArr_reg[12][3]/RN     1.50     2.27    -0.77 (VIOLATED)
       PIN :   reg_file/regArr_reg[12][1]/RN     1.50     2.27    -0.77 (VIOLATED)
       PIN :   reg_file/regArr_reg[12][0]/RN     1.50     2.27    -0.77 (VIOLATED)
       PIN :   reg_file/regArr_reg[11][7]/RN     1.50     2.27    -0.77 (VIOLATED)
       PIN :   reg_file/regArr_reg[11][6]/RN     1.50     2.27    -0.77 (VIOLATED)
       PIN :   reg_file/regArr_reg[11][3]/RN     1.50     2.27    -0.77 (VIOLATED)
       PIN :   reg_file/regArr_reg[11][2]/RN     1.50     2.27    -0.77 (VIOLATED)
       PIN :   reg_file/regArr_reg[10][7]/RN     1.50     2.27    -0.77 (VIOLATED)
       PIN :   reg_file/regArr_reg[10][4]/RN     1.50     2.27    -0.77 (VIOLATED)
       PIN :   reg_file/regArr_reg[10][3]/RN     1.50     2.27    -0.77 (VIOLATED)
       PIN :   reg_file/regArr_reg[9][7]/RN     1.50     2.27    -0.77 (VIOLATED)
       PIN :   reg_file/regArr_reg[9][6]/RN     1.50     2.27    -0.77 (VIOLATED)
       PIN :   reg_file/regArr_reg[9][3]/RN     1.50     2.27    -0.77 (VIOLATED)
       PIN :   reg_file/regArr_reg[9][2]/RN     1.50     2.27    -0.77 (VIOLATED)
       PIN :   reg_file/regArr_reg[8][7]/RN     1.50     2.27    -0.77 (VIOLATED)
       PIN :   reg_file/regArr_reg[8][5]/RN     1.50     2.27    -0.77 (VIOLATED)
       PIN :   reg_file/regArr_reg[8][2]/RN     1.50     2.27    -0.77 (VIOLATED)
       PIN :   reg_file/regArr_reg[8][1]/RN     1.50     2.27    -0.77 (VIOLATED)
       PIN :   reg_file/regArr_reg[8][0]/RN     1.50     2.27    -0.77 (VIOLATED)
       PIN :   reg_file/regArr_reg[7][5]/RN     1.50     2.27    -0.77 (VIOLATED)
       PIN :   reg_file/regArr_reg[7][4]/RN     1.50     2.27    -0.77 (VIOLATED)
       PIN :   reg_file/regArr_reg[7][0]/RN     1.50     2.27    -0.77 (VIOLATED)
       PIN :   reg_file/regArr_reg[6][5]/RN     1.50     2.27    -0.77 (VIOLATED)
       PIN :   reg_file/regArr_reg[6][4]/RN     1.50     2.27    -0.77 (VIOLATED)
       PIN :   reg_file/regArr_reg[6][3]/RN     1.50     2.27    -0.77 (VIOLATED)
       PIN :   reg_file/regArr_reg[5][7]/RN     1.50     2.27    -0.77 (VIOLATED)
       PIN :   reg_file/regArr_reg[5][4]/RN     1.50     2.27    -0.77 (VIOLATED)
       PIN :   reg_file/regArr_reg[5][3]/RN     1.50     2.27    -0.77 (VIOLATED)
       PIN :   reg_file/regArr_reg[5][0]/RN     1.50     2.27    -0.77 (VIOLATED)
       PIN :   reg_file/regArr_reg[1][6]/RN     1.50     2.27    -0.77 (VIOLATED)
       PIN :   reg_file/regArr_reg[1][5]/RN     1.50     2.27    -0.77 (VIOLATED)
       PIN :   reg_file/regArr_reg[1][4]/RN     1.50     2.27    -0.77 (VIOLATED)
       PIN :   reg_file/regArr_reg[1][3]/RN     1.50     2.27    -0.77 (VIOLATED)
       PIN :   reg_file/regArr_reg[1][2]/RN     1.50     2.27    -0.77 (VIOLATED)
       PIN :   reg_file/regArr_reg[1][1]/RN     1.50     2.27    -0.77 (VIOLATED)
       PIN :   reg_file/regArr_reg[1][0]/RN     1.50     2.27    -0.77 (VIOLATED)
       PIN :   reg_file/regArr_reg[0][6]/RN     1.50     2.27    -0.77 (VIOLATED)
       PIN :   reg_file/regArr_reg[0][5]/RN     1.50     2.27    -0.77 (VIOLATED)
       PIN :   reg_file/regArr_reg[0][4]/RN     1.50     2.27    -0.77 (VIOLATED)
       PIN :   reg_file/regArr_reg[0][3]/RN     1.50     2.27    -0.77 (VIOLATED)
       PIN :   reg_file/regArr_reg[0][2]/RN     1.50     2.27    -0.77 (VIOLATED)
       PIN :   reg_file/regArr_reg[0][1]/RN     1.50     2.27    -0.77 (VIOLATED)
       PIN :   reg_file/regArr_reg[4][7]/RN     1.50     2.27    -0.77 (VIOLATED)
       PIN :   reg_file/regArr_reg[4][6]/RN     1.50     2.27    -0.77 (VIOLATED)
       PIN :   reg_file/regArr_reg[4][2]/RN     1.50     2.27    -0.77 (VIOLATED)
       PIN :   reg_file/regArr_reg[4][1]/RN     1.50     2.27    -0.77 (VIOLATED)
       PIN :   reg_file/regArr_reg[4][0]/RN     1.50     2.27    -0.77 (VIOLATED)
       PIN :   reg_file/regArr_reg[3][6]/RN     1.50     2.27    -0.77 (VIOLATED)
       PIN :   reg_file/regArr_reg[3][3]/RN     1.50     2.27    -0.77 (VIOLATED)
       PIN :   reg_file/regArr_reg[3][2]/RN     1.50     2.27    -0.77 (VIOLATED)
       PIN :   reg_file/regArr_reg[3][1]/RN     1.50     2.27    -0.77 (VIOLATED)
       PIN :   reg_file/regArr_reg[3][0]/RN     1.50     2.27    -0.77 (VIOLATED)
       PIN :   reg_file/regArr_reg[2][6]/RN     1.50     2.27    -0.77 (VIOLATED)
       PIN :   reg_file/regArr_reg[2][5]/RN     1.50     2.27    -0.77 (VIOLATED)
       PIN :   reg_file/regArr_reg[2][4]/RN     1.50     2.27    -0.77 (VIOLATED)
       PIN :   reg_file/regArr_reg[2][1]/RN     1.50     2.27    -0.77 (VIOLATED)
       PIN :   reg_file/regArr_reg[1][7]/RN     1.50     2.27    -0.77 (VIOLATED)
       PIN :   reg_file/RdData_VLD_reg/RN     1.50     2.27    -0.77 (VIOLATED)
       PIN :   reg_file/RdData_reg[6]/RN     1.50     2.27    -0.77 (VIOLATED)
       PIN :   reg_file/RdData_reg[5]/RN     1.50     2.27    -0.77 (VIOLATED)
       PIN :   reg_file/RdData_reg[4]/RN     1.50     2.27    -0.77 (VIOLATED)
       PIN :   reg_file/RdData_reg[3]/RN     1.50     2.27    -0.77 (VIOLATED)
       PIN :   reg_file/RdData_reg[2]/RN     1.50     2.27    -0.77 (VIOLATED)
       PIN :   reg_file/RdData_reg[1]/RN     1.50     2.27    -0.77 (VIOLATED)
       PIN :   reg_file/RdData_reg[0]/RN     1.50     2.27    -0.77 (VIOLATED)
       PIN :   reg_file/regArr_reg[0][0]/RN     1.50     2.27    -0.77 (VIOLATED)
       PIN :   reg_file/RdData_reg[7]/RN     1.50     2.27    -0.77 (VIOLATED)
       PIN :   reg_file/regArr_reg[3][7]/RN     1.50     2.27    -0.77 (VIOLATED)
       PIN :   SYS_CTRL/curent_state_reg[3]/RN     1.50     2.27    -0.77 (VIOLATED)
       PIN :   SYS_CTRL/curent_state_reg[2]/RN     1.50     2.27    -0.77 (VIOLATED)
       PIN :   SYS_CTRL/curent_state_reg[1]/RN     1.50     2.27    -0.77 (VIOLATED)
       PIN :   SYS_CTRL/curent_state_reg[0]/RN     1.50     2.27    -0.77 (VIOLATED)
       PIN :   SYS_CTRL/Address_reg[3]/RN     1.50     2.27    -0.77 (VIOLATED)
       PIN :   SYS_CTRL/Address_reg[2]/RN     1.50     2.27    -0.77 (VIOLATED)
       PIN :   SYS_CTRL/Address_reg[1]/RN     1.50     2.27    -0.77 (VIOLATED)
       PIN :   SYS_CTRL/Address_reg[0]/RN     1.50     2.27    -0.77 (VIOLATED)
       PIN :   DATA_SYNCH/sync_bus_reg[7]/RN     1.50     2.27    -0.77 (VIOLATED)
       PIN :   DATA_SYNCH/sync_bus_reg[2]/RN     1.50     2.27    -0.77 (VIOLATED)
       PIN :   DATA_SYNCH/enable_pulse_reg/RN     1.50     2.27    -0.77 (VIOLATED)
       PIN :   DATA_SYNCH/sync_flop_reg/RN     1.50     2.27    -0.77 (VIOLATED)
       PIN :   DATA_SYNCH/sync_bus_reg[6]/RN     1.50     2.27    -0.77 (VIOLATED)
       PIN :   DATA_SYNCH/sync_bus_reg[5]/RN     1.50     2.27    -0.77 (VIOLATED)
       PIN :   DATA_SYNCH/sync_bus_reg[4]/RN     1.50     2.27    -0.77 (VIOLATED)
       PIN :   DATA_SYNCH/sync_bus_reg[3]/RN     1.50     2.27    -0.77 (VIOLATED)
       PIN :   DATA_SYNCH/sync_bus_reg[1]/RN     1.50     2.27    -0.77 (VIOLATED)
       PIN :   DATA_SYNCH/sync_bus_reg[0]/RN     1.50     2.27    -0.77 (VIOLATED)
       PIN :   DATA_SYNCH/meta_flop_reg/RN     1.50     2.27    -0.77 (VIOLATED)
       PIN :   DATA_SYNCH/enable_flop_reg/RN     1.50     2.27    -0.77 (VIOLATED)
       PIN :   U5_mux2X1/U1/Y     1.50         2.27          -0.77  (VIOLATED)

   -----------------------------------------------------------------
   Total                      1                  -0.77  

   max_capacitance

                             Required        Actual
   Net                      Capacitance    Capacitance       Slack
   -----------------------------------------------------------------
   ref_rst_scan (dont_touch)     0.74          0.89          -0.16  (VIOLATED)

   -----------------------------------------------------------------
   Total                      1                  -0.16  

1
